DONE strict EQ 2025-11 train/test 742 120 seconds 26.6
DONE strict EQ 2025-12 train/test 862 132 seconds 52.6
DONE strict EQ 2026-01 train/test 994 126 seconds 81.9
DONE strict EQ 2026-02 train/test 1120 120 seconds 112.9
DONE strict EQ 2026-03 train/test 1240 89 seconds 146.7
DONE strict CAP 2025-11 train/test 742 120 seconds 171.0
DONE strict CAP 2025-12 train/test 862 132 seconds 197.4
DONE strict CAP 2026-01 train/test 994 126 seconds 228.4
DONE strict CAP 2026-02 train/test 1120 120 seconds 260.7
DONE strict CAP 2026-03 train/test 1240 89 seconds 296.3
DONE strict PCA 2025-11 train/test 742 120 seconds 320.2
DONE strict PCA 2025-12 train/test 862 132 seconds 346.2
DONE strict PCA 2026-01 train/test 994 126 seconds 375.5
DONE strict PCA 2026-02 train/test 1120 120 seconds 406.3
DONE strict PCA 2026-03 train/test 1240 89 seconds 439.6
DONE available_macro EQ 2025-11 train/test 1582 280 seconds 494.8
DONE available_macro EQ 2025-12 train/test 1862 313 seconds 556.0
DONE available_macro EQ 2026-01 train/test 2175 294 seconds 627.7
DONE available_macro EQ 2026-02 train/test 2469 280 seconds 705.5
DONE available_macro EQ 2026-03 train/test 2749 201 seconds 789.9
DONE available_macro CAP 2025-11 train/test 1582 280 seconds 843.7
DONE available_macro CAP 2025-12 train/test 1862 313 seconds 905.6
DONE available_macro CAP 2026-01 train/test 2175 294 seconds 980.2
DONE available_macro CAP 2026-02 train/test 2469 280 seconds 1059.9
DONE available_macro CAP 2026-03 train/test 2749 201 seconds 1147.4
DONE available_macro PCA 2025-11 train/test 1582 280 seconds 1202.3
DONE available_macro PCA 2025-12 train/test 1862 313 seconds 1264.0
DONE available_macro PCA 2026-01 train/test 2175 294 seconds 1335.1
DONE available_macro PCA 2026-02 train/test 2469 280 seconds 1413.0
DONE available_macro PCA 2026-03 train/test 2749 201 seconds 1497.4
COMPLETE {"fit_count": 3510, "forecast_rows": 52785, "evaluated_forecast_rows": 41985, "warnings": 0, "elapsed_seconds": 1507.5}
