DONE NY_delay1 EQ sequential h 1 q 0.1 2025-12 n 862 132 seconds 7.5
DONE NY_delay1 EQ sequential h 1 q 0.1 2026-01 n 994 126 seconds 14.0
DONE NY_delay1 EQ sequential h 1 q 0.1 2026-02 n 1120 120 seconds 22.7
DONE NY_delay1 EQ sequential h 1 q 0.1 2026-03 n 1240 89 seconds 31.4
DONE NY_delay1 EQ sequential h 6 q 0.1 2025-12 n 232 22 seconds 33.0
DONE NY_delay1 EQ sequential h 6 q 0.1 2026-01 n 254 21 seconds 34.9
DONE NY_delay1 EQ sequential h 6 q 0.1 2026-02 n 275 20 seconds 36.8
DONE NY_delay1 EQ sequential h 6 q 0.1 2026-03 n 295 22 seconds 38.7
DONE NY_delay1 EQ sequential h 12 q 0.1 2025-12 n 483 72 seconds 41.0
DONE NY_delay1 EQ sequential h 12 q 0.1 2026-01 n 555 74 seconds 43.7
DONE NY_delay1 EQ sequential h 12 q 0.1 2026-02 n 629 68 seconds 46.7
DONE NY_delay1 EQ sequential h 12 q 0.1 2026-03 n 697 55 seconds 49.8
DONE NY_delay1 CAP sequential h 1 q 0.1 2025-12 n 862 132 seconds 54.6
DONE NY_delay1 CAP sequential h 1 q 0.1 2026-01 n 994 126 seconds 59.3
DONE NY_delay1 CAP sequential h 1 q 0.1 2026-02 n 1120 120 seconds 64.7
DONE NY_delay1 CAP sequential h 1 q 0.1 2026-03 n 1240 89 seconds 70.2
DONE NY_delay1 CAP sequential h 6 q 0.1 2025-12 n 232 22 seconds 72.0
DONE NY_delay1 CAP sequential h 6 q 0.1 2026-01 n 254 21 seconds 73.8
DONE NY_delay1 CAP sequential h 6 q 0.1 2026-02 n 275 20 seconds 75.6
DONE NY_delay1 CAP sequential h 6 q 0.1 2026-03 n 295 22 seconds 77.4
DONE NY_delay1 CAP sequential h 12 q 0.1 2025-12 n 483 72 seconds 80.2
DONE NY_delay1 CAP sequential h 12 q 0.1 2026-01 n 555 74 seconds 82.8
DONE NY_delay1 CAP sequential h 12 q 0.1 2026-02 n 629 68 seconds 85.7
DONE NY_delay1 CAP sequential h 12 q 0.1 2026-03 n 697 55 seconds 89.1
DONE NY_delay1 PCA sequential h 1 q 0.1 2025-12 n 862 132 seconds 93.4
DONE NY_delay1 PCA sequential h 1 q 0.1 2026-01 n 994 126 seconds 97.8
DONE NY_delay1 PCA sequential h 1 q 0.1 2026-02 n 1120 120 seconds 103.3
DONE NY_delay1 PCA sequential h 1 q 0.1 2026-03 n 1240 89 seconds 109.0
DONE NY_delay1 PCA sequential h 6 q 0.1 2025-12 n 232 22 seconds 110.6
DONE NY_delay1 PCA sequential h 6 q 0.1 2026-01 n 254 21 seconds 112.4
DONE NY_delay1 PCA sequential h 6 q 0.1 2026-02 n 275 20 seconds 114.3
DONE NY_delay1 PCA sequential h 6 q 0.1 2026-03 n 295 22 seconds 116.2
DONE NY_delay1 PCA sequential h 12 q 0.1 2025-12 n 483 72 seconds 118.6
DONE NY_delay1 PCA sequential h 12 q 0.1 2026-01 n 555 74 seconds 121.3
DONE NY_delay1 PCA sequential h 12 q 0.1 2026-02 n 629 68 seconds 124.4
DONE NY_delay1 PCA sequential h 12 q 0.1 2026-03 n 697 55 seconds 127.6
DONE NY_delay1 EQ sequential h 1 q 0.5 2025-12 n 862 132 seconds 131.1
DONE NY_delay1 EQ sequential h 1 q 0.5 2026-01 n 994 126 seconds 134.7
DONE NY_delay1 EQ sequential h 1 q 0.5 2026-02 n 1120 120 seconds 139.8
DONE NY_delay1 EQ sequential h 1 q 0.5 2026-03 n 1240 89 seconds 145.3
DONE NY_delay1 EQ sequential h 6 q 0.5 2025-12 n 232 22 seconds 146.7
DONE NY_delay1 EQ sequential h 6 q 0.5 2026-01 n 254 21 seconds 148.4
DONE NY_delay1 EQ sequential h 6 q 0.5 2026-02 n 275 20 seconds 150.2
DONE NY_delay1 EQ sequential h 6 q 0.5 2026-03 n 295 22 seconds 151.8
DONE NY_delay1 EQ sequential h 12 q 0.5 2025-12 n 483 72 seconds 153.8
DONE NY_delay1 EQ sequential h 12 q 0.5 2026-01 n 555 74 seconds 156.2
DONE NY_delay1 EQ sequential h 12 q 0.5 2026-02 n 629 68 seconds 158.9
DONE NY_delay1 EQ sequential h 12 q 0.5 2026-03 n 697 55 seconds 161.6
DONE NY_delay0 EQ sequential h 1 q 0.1 2025-12 n 861 132 seconds 165.5
DONE NY_delay0 EQ sequential h 1 q 0.1 2026-01 n 993 126 seconds 170.0
DONE NY_delay0 EQ sequential h 1 q 0.1 2026-02 n 1119 120 seconds 175.0
DONE NY_delay0 EQ sequential h 1 q 0.1 2026-03 n 1239 90 seconds 180.8
DONE FX_UTC_delay1 EQ sequential h 1 q 0.1 2025-12 n 448 54 seconds 183.1
DONE FX_UTC_delay1 EQ sequential h 1 q 0.1 2026-01 n 502 51 seconds 185.6
DONE FX_UTC_delay1 EQ sequential h 1 q 0.1 2026-02 n 553 50 seconds 188.5
DONE FX_UTC_delay1 EQ sequential h 1 q 0.1 2026-03 n 603 47 seconds 192.0
DONE FX_KST_delay1 EQ sequential h 1 q 0.1 2025-12 n 991 181 seconds 196.5
DONE FX_KST_delay1 EQ sequential h 1 q 0.1 2026-01 n 1172 171 seconds 202.2
DONE FX_KST_delay1 EQ sequential h 1 q 0.1 2026-02 n 1343 171 seconds 208.6
DONE FX_KST_delay1 EQ sequential h 1 q 0.1 2026-03 n 1514 114 seconds 215.6
DONE NY_delay1 EQ joint h 1 q 0.1 2025-12 n 862 132 seconds 219.9
DONE NY_delay1 EQ joint h 1 q 0.1 2026-01 n 994 126 seconds 224.3
DONE NY_delay1 EQ joint h 1 q 0.1 2026-02 n 1120 120 seconds 230.1
DONE NY_delay1 EQ joint h 1 q 0.1 2026-03 n 1240 89 seconds 235.8
COMPLETE 49164 predictions 238.06 seconds
