/home/ssd-990/soobeenkim/stablecoin_audit_20260908/archival_B40/stablecoin_paper_pipeline.py:132: InterpolationWarning: The test statistic is outside of the range of p-values available in the
look-up table. The actual p-value is smaller than the p-value returned.

  adf = adfuller(y); kp = kpss(y, regression="c", nlags="auto")
================================================================
 Korean USDT Residual — pipeline (tables + figures)
================================================================
[load] n=715  step1_r2=0.9971
[check] rebuilt vs saved RESIDUAL_FINAL max|dev|=1.13e-16
[Table1] Welch t=-4.24
[Table3]
   q  beta_downside  p_boot   n
0.10         -6.779    0.00 714
0.25        -11.453    0.00 714
0.50         -9.277    0.00 714
0.75         -5.531    0.05 714
0.90         -4.249    0.05 714
[Table6 q=0.10 mediators]
                        channel  dn_beta  dn_p  ch_p mediates
             USDT_VOL_RATIO_LOG   -0.201  0.00  0.00       no
        COIN_VOL_RATIO_LOG_MEAN   -0.124  0.00  0.80       no
  USDT_RELATIVE_VOLUME_PRESSURE   -0.181  0.00  0.00       no
           VOL_RATIO_DISPERSION   -0.127  0.00  0.00       no
                        OI_lag1   -0.179  0.00  0.00       no
              OI_VALUE_RET_lag1   -0.142  0.00  0.80       no
     TOPTRADER_POSITION_LS_lag1   -0.125  0.00  0.05       no
TAKER_LONG_SHORT_VOL_RATIO_lag1   -0.119  0.00  0.25       no
                    OI_RET_lag1   -0.115  0.05  0.90       no
                   FUNDING_lag1   -0.132  0.10  0.00 artifact
                  OI_VALUE_lag1   -0.140  0.15  0.00 artifact
                ACCOUNT_LS_lag1   -0.063  0.15  0.00      YES
      TOPTRADER_ACCOUNT_LS_lag1   -0.012  0.25  0.00      YES
[Table7 q=0.10]
           model  downside  p_downside  btc_vol  account_ls  p_account_ls
M0_base+downside    -0.115        0.00      NaN         NaN           NaN
M1_+global_state     0.056        0.35   -0.269         NaN           NaN
  M2_+ACCOUNT_LS     0.121        0.25   -0.275      -0.157           0.0
[fig] 4 paper figures saved to /home/ssd-990/soobeenkim/stablecoin_audit_20260908/archival_B40/paper_outputs

[done] tables + figures -> /home/ssd-990/soobeenkim/stablecoin_audit_20260908/archival_B40/paper_outputs
